============================= test session starts ==============================
platform linux -- Python 3.10.12, pytest-6.2.5, py-1.10.0, pluggy-0.13.0
rootdir: /home/shay/a/kim4810/ECE30861/ece30861-team9
plugins: cov-3.0.0, colcon-core-0.20.0
collected 29 items

tests/test_classify.py ........                                          [ 27%]
tests/test_hf_id.py .......                                              [ 51%]
tests/test_metrics_framework.py ..............                           [100%]

---------- coverage: platform linux, python 3.10.12-final-0 ----------
Name                       Stmts   Miss  Cover   Missing
--------------------------------------------------------
src/__init__.py                0      0   100%
src/metrics_framework.py     314    123    61%   33-34, 58-59, 64, 74, 81-82, 114, 126-127, 139-140, 144-145, 212, 215-227, 242, 251, 271-272, 277-285, 292-350, 357-407, 445-451, 462, 488-489, 509-513, 517-518, 529-531, 552-557, 561-580
src/scoring.py                39      3    92%   20, 26, 43
src/url/__init__.py            0      0   100%
src/url/classify.py           14      0   100%
src/url/hf_name.py            16     16     0%   2-32
src/url/ndjson_writer.py      85     85     0%   2-201
src/url/router.py             37     37     0%   5-81
src/url/url_main.py           95     95     0%   76-296
--------------------------------------------------------
TOTAL                        600    359    40%


============================== 29 passed in 5.23s ==============================
